running egg_info
creating ../../build/infer_client/infer_client.egg-info
writing ../../build/infer_client/infer_client.egg-info/PKG-INFO
writing dependency_links to ../../build/infer_client/infer_client.egg-info/dependency_links.txt
writing entry points to ../../build/infer_client/infer_client.egg-info/entry_points.txt
writing requirements to ../../build/infer_client/infer_client.egg-info/requires.txt
writing top-level names to ../../build/infer_client/infer_client.egg-info/top_level.txt
writing manifest file '../../build/infer_client/infer_client.egg-info/SOURCES.txt'
reading manifest file '../../build/infer_client/infer_client.egg-info/SOURCES.txt'
writing manifest file '../../build/infer_client/infer_client.egg-info/SOURCES.txt'
running build
running build_py
creating /home/hanmg/Imitation_learning-Proj/infer_ws/build/infer_client/build
creating /home/hanmg/Imitation_learning-Proj/infer_ws/build/infer_client/build/lib
creating /home/hanmg/Imitation_learning-Proj/infer_ws/build/infer_client/build/lib/infer_client
copying infer_client/infer_client.py -> /home/hanmg/Imitation_learning-Proj/infer_ws/build/infer_client/build/lib/infer_client
copying infer_client/__init__.py -> /home/hanmg/Imitation_learning-Proj/infer_ws/build/infer_client/build/lib/infer_client
running install
running install_lib
creating /home/hanmg/Imitation_learning-Proj/infer_ws/install/infer_client/lib/python3.10/site-packages/infer_client
copying /home/hanmg/Imitation_learning-Proj/infer_ws/build/infer_client/build/lib/infer_client/infer_client.py -> /home/hanmg/Imitation_learning-Proj/infer_ws/install/infer_client/lib/python3.10/site-packages/infer_client
copying /home/hanmg/Imitation_learning-Proj/infer_ws/build/infer_client/build/lib/infer_client/__init__.py -> /home/hanmg/Imitation_learning-Proj/infer_ws/install/infer_client/lib/python3.10/site-packages/infer_client
byte-compiling /home/hanmg/Imitation_learning-Proj/infer_ws/install/infer_client/lib/python3.10/site-packages/infer_client/infer_client.py to infer_client.cpython-310.pyc
byte-compiling /home/hanmg/Imitation_learning-Proj/infer_ws/install/infer_client/lib/python3.10/site-packages/infer_client/__init__.py to __init__.cpython-310.pyc
running install_data
creating /home/hanmg/Imitation_learning-Proj/infer_ws/install/infer_client/share/ament_index
creating /home/hanmg/Imitation_learning-Proj/infer_ws/install/infer_client/share/ament_index/resource_index
creating /home/hanmg/Imitation_learning-Proj/infer_ws/install/infer_client/share/ament_index/resource_index/packages
copying resource/infer_client -> /home/hanmg/Imitation_learning-Proj/infer_ws/install/infer_client/share/ament_index/resource_index/packages
copying package.xml -> /home/hanmg/Imitation_learning-Proj/infer_ws/install/infer_client/share/infer_client
running install_egg_info
Copying ../../build/infer_client/infer_client.egg-info to /home/hanmg/Imitation_learning-Proj/infer_ws/install/infer_client/lib/python3.10/site-packages/infer_client-0.0.0-py3.10.egg-info
running install_scripts
Installing infer_client script to /home/hanmg/Imitation_learning-Proj/infer_ws/install/infer_client/lib/infer_client
writing list of installed files to '/home/hanmg/Imitation_learning-Proj/infer_ws/build/infer_client/install.log'
