[0.363s] Invoking command in '/home/hanmg/Imitation_learning-Proj/infer_ws/src/infer_client': PYTHONPATH=/home/hanmg/Imitation_learning-Proj/infer_ws/build/infer_client/prefix_override:/usr/lib/python3/dist-packages/colcon_core/task/python/colcon_distutils_commands:/home/hanmg/Imitation_learning-Proj/infer_ws/install/infer_client/lib/python3.10/site-packages:${PYTHONPATH} /usr/bin/python3 -W ignore:setup.py install is deprecated -W ignore:easy_install command is deprecated setup.py egg_info --egg-base ../../build/infer_client build --build-base /home/hanmg/Imitation_learning-Proj/infer_ws/build/infer_client/build install --record /home/hanmg/Imitation_learning-Proj/infer_ws/build/infer_client/install.log --single-version-externally-managed install_data
[0.485s] running egg_info
[0.485s] writing ../../build/infer_client/infer_client.egg-info/PKG-INFO
[0.485s] writing dependency_links to ../../build/infer_client/infer_client.egg-info/dependency_links.txt
[0.485s] writing entry points to ../../build/infer_client/infer_client.egg-info/entry_points.txt
[0.485s] writing requirements to ../../build/infer_client/infer_client.egg-info/requires.txt
[0.485s] writing top-level names to ../../build/infer_client/infer_client.egg-info/top_level.txt
[0.486s] reading manifest file '../../build/infer_client/infer_client.egg-info/SOURCES.txt'
[0.486s] writing manifest file '../../build/infer_client/infer_client.egg-info/SOURCES.txt'
[0.486s] running build
[0.486s] running build_py
[0.486s] copying infer_client/infer_client.py -> /home/hanmg/Imitation_learning-Proj/infer_ws/build/infer_client/build/lib/infer_client
[0.487s] running install
[0.487s] running install_lib
[0.487s] copying /home/hanmg/Imitation_learning-Proj/infer_ws/build/infer_client/build/lib/infer_client/infer_client.py -> /home/hanmg/Imitation_learning-Proj/infer_ws/install/infer_client/lib/python3.10/site-packages/infer_client
[0.487s] byte-compiling /home/hanmg/Imitation_learning-Proj/infer_ws/install/infer_client/lib/python3.10/site-packages/infer_client/infer_client.py to infer_client.cpython-310.pyc
[0.489s] running install_data
[0.489s] running install_egg_info
[0.490s] removing '/home/hanmg/Imitation_learning-Proj/infer_ws/install/infer_client/lib/python3.10/site-packages/infer_client-0.0.0-py3.10.egg-info' (and everything under it)
[0.490s] Copying ../../build/infer_client/infer_client.egg-info to /home/hanmg/Imitation_learning-Proj/infer_ws/install/infer_client/lib/python3.10/site-packages/infer_client-0.0.0-py3.10.egg-info
[0.490s] running install_scripts
[0.500s] Installing infer_client script to /home/hanmg/Imitation_learning-Proj/infer_ws/install/infer_client/lib/infer_client
[0.500s] writing list of installed files to '/home/hanmg/Imitation_learning-Proj/infer_ws/build/infer_client/install.log'
[0.512s] Invoked command in '/home/hanmg/Imitation_learning-Proj/infer_ws/src/infer_client' returned '0': PYTHONPATH=/home/hanmg/Imitation_learning-Proj/infer_ws/build/infer_client/prefix_override:/usr/lib/python3/dist-packages/colcon_core/task/python/colcon_distutils_commands:/home/hanmg/Imitation_learning-Proj/infer_ws/install/infer_client/lib/python3.10/site-packages:${PYTHONPATH} /usr/bin/python3 -W ignore:setup.py install is deprecated -W ignore:easy_install command is deprecated setup.py egg_info --egg-base ../../build/infer_client build --build-base /home/hanmg/Imitation_learning-Proj/infer_ws/build/infer_client/build install --record /home/hanmg/Imitation_learning-Proj/infer_ws/build/infer_client/install.log --single-version-externally-managed install_data
